******************************************************************************
                  TI ARM Linker PC v20.2.7                     
******************************************************************************
>> Linked Sun Oct 15 23:04:50 2023

OUTPUT FILE NAME:   <BL.out>
ENTRY POINT SYMBOL: "_c_int00_noargs"  address: 00001231


MEMORY CONFIGURATION

         name            origin    length      used     unused   attr    fill
----------------------  --------  ---------  --------  --------  ----  --------
  FLASH                 00000000   00040000  00001562  0003ea9e  R  X
  SRAM                  20000000   00008000  00005270  00002d90  RW X


SEGMENT ALLOCATION MAP

run origin  load origin   length   init length attrs members
----------  ----------- ---------- ----------- ----- -------
00000000    00000000    00001568   00001568    r-x
  00000000    00000000    0000026c   0000026c    r-- .intvecs
  0000026c    0000026c    00001186   00001186    r-x .text
  000013f4    000013f4    00000130   00000130    r-- .const
  00001528    00001528    00000040   00000040    r-- .cinit
20000000    20000000    00005278   00000000    rw-
  20000000    20000000    00002857   00000000    rw- .bss
  20002858    20002858    00002819   00000000    rw- .data
  20005078    20005078    00000200   00000000    rw- .stack


SECTION ALLOCATION MAP

 output                                  attributes/
section   page    origin      length       input sections
--------  ----  ----------  ----------   ----------------
.intvecs   0    00000000    0000026c     
                  00000000    0000026c     tm4c123gh6pm_startup_ccs.obj (.intvecs)

.text      0    0000026c    00001186     
                  0000026c    00000424     CAN_SLAVE.obj (.text)
                  00000690    00000264     main.obj (.text)
                  000008f4    0000016c     driverlib.lib : gpio.obj (.text:GPIOPadConfigSet)
                  00000a60    00000130                   : can.obj (.text:CANMessageSet)
                  00000b90    00000118                   : sysctl.obj (.text:SysCtlClockGet)
                  00000ca8    00000116                   : can.obj (.text:CANMessageGet)
                  00000dbe    0000009c     rtsv7M4_T_le_v4SPD16_eabi.lib : memcpy_t2.asm.obj (.text)
                  00000e5a    0000007a                                   : memset_t2.asm.obj (.text)
                  00000ed4    0000006c     driverlib.lib : can.obj (.text:CANBitRateSet)
                  00000f40    00000068                   : flash.obj (.text:FlashProgram)
                  00000fa8    00000068                   : interrupt.obj (.text:IntEnable)
                  00001010    00000068     rtsv7M4_T_le_v4SPD16_eabi.lib : copy_decompress_lzss.c.obj (.text:decompress:lzss:__TI_decompress_lzss)
                  00001078    0000004c     driverlib.lib : gpio.obj (.text:GPIOPinConfigure)
                  000010c4    00000044     rtsv7M4_T_le_v4SPD16_eabi.lib : autoinit.c.obj (.text:__TI_auto_init_nobinit_nopinit:__TI_auto_init_nobinit_nopinit)
                  00001108    00000040     driverlib.lib : can.obj (.text:CANStatusGet)
                  00001148    00000040     Flash.obj (.text)
                  00001188    0000003a     driverlib.lib : can.obj (.text:CANInit)
                  000011c2    00000002     --HOLE-- [fill = 0]
                  000011c4    00000038                   : sysctl.obj (.text:SysCtlPeripheralReady)
                  000011fc    00000034                   : sysctl.obj (.text:SysCtlPeripheralEnable)
                  00001230    00000034     rtsv7M4_T_le_v4SPD16_eabi.lib : boot_cortex_m.c.obj (.text:_c_int00_noargs:_c_int00_noargs)
                  00001264    00000030     driverlib.lib : flash.obj (.text:FlashErase)
                  00001294    0000002c                   : gpio.obj (.text:GPIODirModeSet)
                  000012c0    0000002a                   : can.obj (.text:_CANDataRegRead)
                  000012ea    00000024                   : can.obj (.text:_CANDataRegWrite)
                  0000130e    00000022                   : can.obj (.text:CANIntClear)
                  00001330    00000020                   : can.obj (.text:CANIntStatus)
                  00001350    0000001a                   : gpio.obj (.text:GPIOPinTypeGPIOOutput)
                  0000136a    00000016                   : gpio.obj (.text:GPIOPinTypeCAN)
                  00001380    00000010                   : interrupt.obj (.text:IntMasterEnable)
                  00001390    00000010                   : sysctl.obj (.text:SysCtlReset)
                  000013a0    0000000e     rtsv7M4_T_le_v4SPD16_eabi.lib : copy_decompress_none.c.obj (.text:decompress:none:__TI_decompress_none)
                  000013ae    0000000c     driverlib.lib : cpu.obj (.text:CPUcpsie)
                  000013ba    0000000c     rtsv7M4_T_le_v4SPD16_eabi.lib : copy_zero_init.c.obj (.text:decompress:ZI:__TI_zero_init)
                  000013c6    0000000c     tm4c123gh6pm_startup_ccs.obj (.text)
                  000013d2    0000000a     driverlib.lib : can.obj (.text:CANEnable)
                  000013dc    00000008                   : can.obj (.text:CANIntEnable)
                  000013e4    00000006                   : gpio.obj (.text:GPIOPinWrite)
                  000013ea    00000004     rtsv7M4_T_le_v4SPD16_eabi.lib : pre_init.c.obj (.text:_system_pre_init)
                  000013ee    00000004                                   : exit.c.obj (.text:abort:abort)

.const     0    000013f4    00000130     
                  000013f4    00000090     driverlib.lib : gpio.obj (.const:g_pui32GPIOBaseAddrs)
                  00001484    0000006c                   : sysctl.obj (.const:g_pui32Xtals)
                  000014f0    00000020                   : can.obj (.const:g_ui16CANBitValues)
                  00001510    00000014                   : interrupt.obj (.const:g_pui32EnRegs)

.cinit     0    00001528    00000040     
                  00001528    00000017     (.cinit..data.load) [load image, compression = lzss]
                  0000153f    00000001     --HOLE-- [fill = 0]
                  00001540    0000000c     (__TI_handler_table)
                  0000154c    00000004     --HOLE-- [fill = 0]
                  00001550    00000008     (.cinit..bss.load) [load image, compression = zero_init]
                  00001558    00000010     (__TI_cinit_table)

.init_array 
*          0    00000000    00000000     UNINITIALIZED

.bss       0    20000000    00002857     UNINITIALIZED
                  20000000    00002800     (.common:rx_msg_data)
                  20002800    00000014     (.common:rx_msg_object1)
                  20002814    00000014     (.common:rx_msg_object2)
                  20002828    00000014     (.common:rx_msg_object3)
                  2000283c    00000014     (.common:rx_msg_object4)
                  20002850    00000004     (.common:rx_clock_source)
                  20002854    00000001     (.common:rx_data_done)
                  20002855    00000001     (.common:rx_data_flash)
                  20002856    00000001     (.common:rx_data_reset)

.data      0    20002858    00002819     UNINITIALIZED
                  20002858    00002800     main.obj (.data:g_app_hex_arr)
                  20005058    00000010     CAN_SLAVE.obj (.data)
                  20005068    00000009     main.obj (.data)

.stack     0    20005078    00000200     UNINITIALIZED
                  20005078    00000004     rtsv7M4_T_le_v4SPD16_eabi.lib : boot_cortex_m.c.obj (.stack)
                  2000507c    000001fc     --HOLE--

__llvm_prf_cnts 
*          0    20000000    00000000     UNINITIALIZED

MODULE SUMMARY

       Module                         code   ro data   rw data
       ------                         ----   -------   -------
    .\
       main.obj                       612    0         10249  
       tm4c123gh6pm_startup_ccs.obj   12     620       0      
       Flash.obj                      64     0         0      
    +--+------------------------------+------+---------+---------+
       Total:                         688    620       10249  
                                                              
    .\HAL\
       CAN_SLAVE.obj                  1060   0         10343  
    +--+------------------------------+------+---------+---------+
       Total:                         1060   0         10343  
                                                              
    C:/ti/TivaWare_C_Series-2.2.0.295/driverlib/ccs/Debug/driverlib.lib
       can.obj                        974    32        0      
       gpio.obj                       538    144       0      
       sysctl.obj                     404    108       0      
       flash.obj                      152    0         0      
       interrupt.obj                  120    20        0      
       cpu.obj                        12     0         0      
    +--+------------------------------+------+---------+---------+
       Total:                         2200   304       0      
                                                              
    C:\ti\ccs1230\ccs\tools\compiler\ti-cgt-arm_20.2.7.LTS\lib\rtsv7M4_T_le_v4SPD16_eabi.lib
       memcpy_t2.asm.obj              156    0         0      
       memset_t2.asm.obj              122    0         0      
       copy_decompress_lzss.c.obj     104    0         0      
       autoinit.c.obj                 68     0         0      
       boot_cortex_m.c.obj            52     0         0      
       copy_decompress_none.c.obj     14     0         0      
       copy_zero_init.c.obj           12     0         0      
       exit.c.obj                     4      0         0      
       pre_init.c.obj                 4      0         0      
    +--+------------------------------+------+---------+---------+
       Total:                         536    0         0      
                                                              
       Stack:                         0      0         512    
       Linker Generated:              0      59        0      
    +--+------------------------------+------+---------+---------+
       Grand Total:                   4484   983       21104  


LINKER GENERATED COPY TABLES

__TI_cinit_table @ 00001558 records: 2, size/record: 8, table size: 16
	.data: load addr=00001528, load size=00000017 bytes, run addr=20002858, run size=00002819 bytes, compression=lzss
	.bss: load addr=00001550, load size=00000008 bytes, run addr=20000000, run size=00002857 bytes, compression=zero_init


LINKER GENERATED HANDLER TABLE

__TI_handler_table @ 00001540 records: 3, size/record: 4, table size: 12
	index: 0, handler: __TI_decompress_lzss
	index: 1, handler: __TI_decompress_none
	index: 2, handler: __TI_zero_init


GLOBAL SYMBOLS: SORTED ALPHABETICALLY BY Name 

address   name                          
-------   ----                          
000013ef  C$$EXIT                       
00000ed5  CANBitRateSet                 
000013d3  CANEnable                     
00001189  CANInit                       
0000130f  CANIntClear                   
000013dd  CANIntEnable                  
00001331  CANIntStatus                  
00000ca9  CANMessageGet                 
00000a61  CANMessageSet                 
00001109  CANStatusGet                  
000013af  CPUcpsie                      
00001265  FlashErase                    
00000f41  FlashProgram                  
00001149  Flashing_code                 
00001295  GPIODirModeSet                
000008f5  GPIOPadConfigSet              
00001079  GPIOPinConfigure              
0000136b  GPIOPinTypeCAN                
00001351  GPIOPinTypeGPIOOutput         
000013e5  GPIOPinWrite                  
00000fa9  IntEnable                     
00001381  IntMasterEnable               
000013c7  ResetISR                      
0000026d  SlaveCANInit                  
00000521  SlaveCANIntHandler            
0000037b  SlaveCANMessage               
00000b91  SysCtlClockGet                
000011fd  SysCtlPeripheralEnable        
000011c5  SysCtlPeripheralReady         
00001391  SysCtlReset                   
20005278  __STACK_END                   
00000200  __STACK_SIZE                  
20005278  __STACK_TOP                   
00001558  __TI_CINIT_Base               
00001568  __TI_CINIT_Limit              
00001540  __TI_Handler_Table_Base       
0000154c  __TI_Handler_Table_Limit      
000010c5  __TI_auto_init_nobinit_nopinit
00001011  __TI_decompress_lzss          
000013a1  __TI_decompress_none          
ffffffff  __TI_pprof_out_hndl           
ffffffff  __TI_prof_data_size           
ffffffff  __TI_prof_data_start          
00000000  __TI_static_base__            
000013bb  __TI_zero_init                
00000e5b  __aeabi_memclr                
00000e5b  __aeabi_memclr4               
00000e5b  __aeabi_memclr8               
00000dbf  __aeabi_memcpy                
00000dbf  __aeabi_memcpy4               
00000dbf  __aeabi_memcpy8               
00000e5d  __aeabi_memset                
00000e5d  __aeabi_memset4               
00000e5d  __aeabi_memset8               
ffffffff  __binit__                     
ffffffff  __c_args__                    
UNDEFED   __mpu_init                    
20005078  __stack                       
20000000  __start___llvm_prf_cnts       
20000000  __stop___llvm_prf_cnts        
00001231  _c_int00_noargs               
UNDEFED   _system_post_cinit            
000013eb  _system_pre_init              
000013ef  abort                         
ffffffff  binit                         
00000847  byteToWordArray               
2000506c  g_active_bank_flag            
20002858  g_app_hex_arr                 
20005070  g_done_flag                   
20005069  g_flashing_request_flag       
00000000  g_pfnVectors                  
20005068  g_reset_flag                  
00000691  main                          
00000dbf  memcpy                        
00000e63  memset                        
20002850  rx_clock_source               
20002854  rx_data_done                  
2000505d  rx_data_flag                  
20002855  rx_data_flash                 
20002856  rx_data_reset                 
2000505e  rx_done_flag                  
20005059  rx_error_flag                 
2000505c  rx_flash_flag                 
20000000  rx_msg_data                   
20005058  rx_msg_flag                   
2000505f  rx_msg_obj_no1                
20005060  rx_msg_obj_no2                
20005061  rx_msg_obj_no3                
20005062  rx_msg_obj_no4                
20002800  rx_msg_object1                
20002814  rx_msg_object2                
20002828  rx_msg_object3                
2000283c  rx_msg_object4                
2000505b  rx_reset_flag                 
2000505a  rx_status_flag                


GLOBAL SYMBOLS: SORTED BY Symbol Address 

address   name                          
-------   ----                          
00000000  __TI_static_base__            
00000000  g_pfnVectors                  
00000200  __STACK_SIZE                  
0000026d  SlaveCANInit                  
0000037b  SlaveCANMessage               
00000521  SlaveCANIntHandler            
00000691  main                          
00000847  byteToWordArray               
000008f5  GPIOPadConfigSet              
00000a61  CANMessageSet                 
00000b91  SysCtlClockGet                
00000ca9  CANMessageGet                 
00000dbf  __aeabi_memcpy                
00000dbf  __aeabi_memcpy4               
00000dbf  __aeabi_memcpy8               
00000dbf  memcpy                        
00000e5b  __aeabi_memclr                
00000e5b  __aeabi_memclr4               
00000e5b  __aeabi_memclr8               
00000e5d  __aeabi_memset                
00000e5d  __aeabi_memset4               
00000e5d  __aeabi_memset8               
00000e63  memset                        
00000ed5  CANBitRateSet                 
00000f41  FlashProgram                  
00000fa9  IntEnable                     
00001011  __TI_decompress_lzss          
00001079  GPIOPinConfigure              
000010c5  __TI_auto_init_nobinit_nopinit
00001109  CANStatusGet                  
00001149  Flashing_code                 
00001189  CANInit                       
000011c5  SysCtlPeripheralReady         
000011fd  SysCtlPeripheralEnable        
00001231  _c_int00_noargs               
00001265  FlashErase                    
00001295  GPIODirModeSet                
0000130f  CANIntClear                   
00001331  CANIntStatus                  
00001351  GPIOPinTypeGPIOOutput         
0000136b  GPIOPinTypeCAN                
00001381  IntMasterEnable               
00001391  SysCtlReset                   
000013a1  __TI_decompress_none          
000013af  CPUcpsie                      
000013bb  __TI_zero_init                
000013c7  ResetISR                      
000013d3  CANEnable                     
000013dd  CANIntEnable                  
000013e5  GPIOPinWrite                  
000013eb  _system_pre_init              
000013ef  C$$EXIT                       
000013ef  abort                         
00001540  __TI_Handler_Table_Base       
0000154c  __TI_Handler_Table_Limit      
00001558  __TI_CINIT_Base               
00001568  __TI_CINIT_Limit              
20000000  __start___llvm_prf_cnts       
20000000  __stop___llvm_prf_cnts        
20000000  rx_msg_data                   
20002800  rx_msg_object1                
20002814  rx_msg_object2                
20002828  rx_msg_object3                
2000283c  rx_msg_object4                
20002850  rx_clock_source               
20002854  rx_data_done                  
20002855  rx_data_flash                 
20002856  rx_data_reset                 
20002858  g_app_hex_arr                 
20005058  rx_msg_flag                   
20005059  rx_error_flag                 
2000505a  rx_status_flag                
2000505b  rx_reset_flag                 
2000505c  rx_flash_flag                 
2000505d  rx_data_flag                  
2000505e  rx_done_flag                  
2000505f  rx_msg_obj_no1                
20005060  rx_msg_obj_no2                
20005061  rx_msg_obj_no3                
20005062  rx_msg_obj_no4                
20005068  g_reset_flag                  
20005069  g_flashing_request_flag       
2000506c  g_active_bank_flag            
20005070  g_done_flag                   
20005078  __stack                       
20005278  __STACK_END                   
20005278  __STACK_TOP                   
ffffffff  __TI_pprof_out_hndl           
ffffffff  __TI_prof_data_size           
ffffffff  __TI_prof_data_start          
ffffffff  __binit__                     
ffffffff  __c_args__                    
ffffffff  binit                         
UNDEFED   __mpu_init                    
UNDEFED   _system_post_cinit            

[95 symbols]
